---
http_interactions:
- request:
    method: post
    uri: http://172.99.87.154:8774/v2.1/4f8f44a4262041e0a2330fb59099f810/servers
    body:
      encoding: UTF-8
      string: '{"server":{"flavorRef":"1","imageRef":"9060f38f-bb54-4806-a2b3-24a2173af252","name":"487227"}}'
    headers:
      Accept:
      - application/json
      Accept-Encoding:
      - gzip, deflate
      X-Auth-Token:
      - gAAAAABXhoYN3xK4j3XRRzxLwj8LlRxcrTTqaDxCp6PXXY29WWeqa_VRtFI-z_yKbVAi5JzQ1UJ3YgmcWSCmy5RyYXXdcaRQnglkU0pQRbDGyngR7vF3XENetQzL1NJtODRzg4kX-mAcluY_WiPcz7zicrLWK-H75XC-eV85PGazE5NkVcjwwbA
      Content-Type:
      - application/json
      Content-Length:
      - '94'
      User-Agent:
      - Ruby
  response:
    status:
      code: 202
      message: Accepted
    headers:
      Content-Length:
      - '444'
      Location:
      - http://172.99.87.154:8774/v2.1/4f8f44a4262041e0a2330fb59099f810/servers/373a8682-6981-4191-b5b6-96917305192e
      Content-Type:
      - application/json
      X-Openstack-Nova-Api-Version:
      - '2.1'
      Vary:
      - X-OpenStack-Nova-API-Version
      X-Compute-Request-Id:
      - req-29fc0ad5-d1a6-4a46-9200-55d4edd1a414
      Date:
      - Wed, 13 Jul 2016 18:18:53 GMT
    body:
      encoding: UTF-8
      string: '{"server": {"security_groups": [{"name": "default"}], "OS-DCF:diskConfig":
        "MANUAL", "id": "373a8682-6981-4191-b5b6-96917305192e", "links": [{"href":
        "http://172.99.87.154:8774/v2.1/4f8f44a4262041e0a2330fb59099f810/servers/373a8682-6981-4191-b5b6-96917305192e",
        "rel": "self"}, {"href": "http://172.99.87.154:8774/4f8f44a4262041e0a2330fb59099f810/servers/373a8682-6981-4191-b5b6-96917305192e",
        "rel": "bookmark"}], "adminPass": "tm4yC9eZwHDx"}}'
    http_version: 
  recorded_at: Wed, 13 Jul 2016 18:18:54 GMT
- request:
    method: get
    uri: http://172.99.87.154:8774/v2.1/4f8f44a4262041e0a2330fb59099f810/servers
    body:
      encoding: US-ASCII
      string: ''
    headers:
      Accept:
      - application/json
      Accept-Encoding:
      - gzip, deflate
      X-Auth-Token:
      - gAAAAABXhoYN3xK4j3XRRzxLwj8LlRxcrTTqaDxCp6PXXY29WWeqa_VRtFI-z_yKbVAi5JzQ1UJ3YgmcWSCmy5RyYXXdcaRQnglkU0pQRbDGyngR7vF3XENetQzL1NJtODRzg4kX-mAcluY_WiPcz7zicrLWK-H75XC-eV85PGazE5NkVcjwwbA
      Content-Type:
      - application/json
      User-Agent:
      - Ruby
  response:
    status:
      code: 200
      message: OK
    headers:
      Content-Length:
      - '363'
      Content-Type:
      - application/json
      X-Openstack-Nova-Api-Version:
      - '2.1'
      Vary:
      - X-OpenStack-Nova-API-Version
      X-Compute-Request-Id:
      - req-0b73f45f-d492-4b40-8731-f245f20bda8c
      Date:
      - Wed, 13 Jul 2016 18:18:54 GMT
    body:
      encoding: UTF-8
      string: '{"servers": [{"id": "373a8682-6981-4191-b5b6-96917305192e", "links":
        [{"href": "http://172.99.87.154:8774/v2.1/4f8f44a4262041e0a2330fb59099f810/servers/373a8682-6981-4191-b5b6-96917305192e",
        "rel": "self"}, {"href": "http://172.99.87.154:8774/4f8f44a4262041e0a2330fb59099f810/servers/373a8682-6981-4191-b5b6-96917305192e",
        "rel": "bookmark"}], "name": "487227"}]}'
    http_version: 
  recorded_at: Wed, 13 Jul 2016 18:18:54 GMT
- request:
    method: delete
    uri: http://172.99.87.154:8774/v2.1/4f8f44a4262041e0a2330fb59099f810/servers/373a8682-6981-4191-b5b6-96917305192e
    body:
      encoding: US-ASCII
      string: ''
    headers:
      Accept:
      - application/json
      Accept-Encoding:
      - gzip, deflate
      X-Auth-Token:
      - gAAAAABXhoYN3xK4j3XRRzxLwj8LlRxcrTTqaDxCp6PXXY29WWeqa_VRtFI-z_yKbVAi5JzQ1UJ3YgmcWSCmy5RyYXXdcaRQnglkU0pQRbDGyngR7vF3XENetQzL1NJtODRzg4kX-mAcluY_WiPcz7zicrLWK-H75XC-eV85PGazE5NkVcjwwbA
      Content-Type:
      - application/json
      User-Agent:
      - Ruby
  response:
    status:
      code: 204
      message: No Content
    headers:
      Content-Length:
      - '0'
      Content-Type:
      - application/json
      X-Openstack-Nova-Api-Version:
      - '2.1'
      Vary:
      - X-OpenStack-Nova-API-Version
      X-Compute-Request-Id:
      - req-3c6c6cb6-2916-4b4f-b710-6b6851063903
      Date:
      - Wed, 13 Jul 2016 18:18:54 GMT
    body:
      encoding: UTF-8
      string: ''
    http_version: 
  recorded_at: Wed, 13 Jul 2016 18:18:54 GMT
recorded_with: VCR 3.0.3
